[2026-05-19T03:58:51.933980+00:00] main.ERROR: Error: Application is not installed yet.  [] []
[2026-05-19T03:59:17.418827+00:00] main.ERROR: Error: Application is not installed yet.  [] []
[2026-05-19T03:59:17.534243+00:00] main.ERROR: Error: Application is not installed yet.  [] []
[2026-05-19T04:01:50.954699+00:00] main.ERROR: Missing following extensions: 'ftp'
#0 [internal function]: Magento\Setup\Model\Installer->checkExtensions()
#1 /var/www/html/setup/src/Magento/Setup/Model/Installer.php(422): call_user_func_array(Array, Array)
#2 /var/www/html/setup/src/Magento/Setup/Console/Command/InstallCommand.php(239): Magento\Setup\Model\Installer->install(Array)
#3 /var/www/html/vendor/symfony/console/Command/Command.php(341): Magento\Setup\Console\Command\InstallCommand->execute(Object(Symfony\Component\Console\Input\ArgvInput), Object(Symfony\Component\Console\Output\ConsoleOutput))
#4 /var/www/html/vendor/symfony/console/Application.php(1094): Symfony\Component\Console\Command\Command->run(Object(Symfony\Component\Console\Input\ArgvInput), Object(Symfony\Component\Console\Output\ConsoleOutput))
#5 /var/www/html/vendor/symfony/console/Application.php(356): Symfony\Component\Console\Application->doRunCommand(Object(Magento\Setup\Console\Command\InstallCommand), Object(Symfony\Component\Console\Input\ArgvInput), Object(Symfony\Component\Console\Output\ConsoleOutput))
#6 /var/www/html/vendor/magento/framework/Console/Cli.php(137): Symfony\Component\Console\Application->doRun(Object(Symfony\Component\Console\Input\ArgvInput), Object(Symfony\Component\Console\Output\ConsoleOutput))
#7 /var/www/html/vendor/symfony/console/Application.php(195): Magento\Framework\Console\Cli->doRun(Object(Symfony\Component\Console\Input\ArgvInput), Object(Symfony\Component\Console\Output\ConsoleOutput))
#8 /var/www/html/bin/magento(23): Symfony\Component\Console\Application->run()
#9 {main} [] []
[2026-05-19T04:04:47.880449+00:00] main.INFO: Source table payment_services_order_status_data_production_submitted_hash does not exist. Skipping data migration... [] []
[2026-05-19T04:04:48.707627+00:00] main.ERROR: SQLSTATE[HY000]: General error: 1419 You do not have the SUPER privilege and binary logging is enabled (you *might* want to use the less safe log_bin_trust_function_creators variable), query was: CREATE TRIGGER trg_cataloginventory_stock_item_after_insert AFTER INSERT ON cataloginventory_stock_item FOR EACH ROW
BEGIN
INSERT INTO `cataloginventory_stock_cl` (`entity_id`) VALUES (NEW.`product_id`);
END
#0 /var/www/html/vendor/magento/framework/DB/Statement/Pdo/Mysql.php(89): Magento\Framework\DB\Statement\Pdo\Mysql->tryExecute(Object(Closure))
#1 /var/www/html/vendor/magento/zend-db/library/Zend/Db/Statement.php(313): Magento\Framework\DB\Statement\Pdo\Mysql->_execute(Array)
#2 /var/www/html/vendor/magento/zend-db/library/Zend/Db/Adapter/Abstract.php(480): Zend_Db_Statement->execute(Array)
#3 /var/www/html/vendor/magento/zend-db/library/Zend/Db/Adapter/Pdo/Abstract.php(242): Zend_Db_Adapter_Abstract->query('CREATE TRIGGER ...', Array)
#4 /var/www/html/vendor/magento/framework/DB/Adapter/Pdo/Mysql.php(692): Zend_Db_Adapter_Pdo_Abstract->query('CREATE TRIGGER ...', Array)
#5 /var/www/html/vendor/magento/framework/DB/Adapter/Pdo/Mysql.php(718): Magento\Framework\DB\Adapter\Pdo\Mysql->Magento\Framework\DB\Adapter\Pdo\{closure}()
#6 /var/www/html/vendor/magento/framework/DB/Adapter/Pdo/Mysql.php(692): Magento\Framework\DB\Adapter\Pdo\Mysql->performQuery(Object(Closure))
#7 /var/www/html/vendor/magento/framework/DB/Adapter/Pdo/Mysql.php(804): Magento\Framework\DB\Adapter\Pdo\Mysql->_query('CREATE TRIGGER ...', Array)
#8 /var/www/html/generated/code/Magento/Framework/DB/Adapter/Pdo/Mysql/Interceptor.php(104): Magento\Framework\DB\Adapter\Pdo\Mysql->multiQuery('CREATE TRIGGER ...', Array)
#9 /var/www/html/vendor/magento/framework/DB/Adapter/Pdo/Mysql.php(4246): Magento\Framework\DB\Adapter\Pdo\Mysql\Interceptor->multiQuery('CREATE TRIGGER ...')
#10 /var/www/html/generated/code/Magento/Framework/DB/Adapter/Pdo/Mysql/Interceptor.php(851): Magento\Framework\DB\Adapter\Pdo\Mysql->createTrigger(Object(Magento\Framework\DB\Ddl\Trigger))
#11 /var/www/html/vendor/magento/framework/Mview/View/Subscription.php(193): Magento\Framework\DB\Adapter\Pdo\Mysql\Interceptor->createTrigger(Object(Magento\Framework\DB\Ddl\Trigger))
#12 /var/www/html/vendor/magento/framework/Mview/View/Subscription.php(166): Magento\Framework\Mview\View\Subscription->saveTrigger(Object(Magento\Framework\DB\Ddl\Trigger))
#13 /var/www/html/vendor/magento/framework/Mview/View.php(211): Magento\Framework\Mview\View\Subscription->create()
#14 /var/www/html/generated/code/Magento/Framework/Mview/View/Interceptor.php(95): Magento\Framework\Mview\View->subscribe()
#15 /var/www/html/vendor/magento/module-indexer/Model/Indexer.php(326): Magento\Framework\Mview\View\Interceptor->subscribe()
#16 /var/www/html/vendor/magento/framework/Interception/Interceptor.php(58): Magento\Indexer\Model\Indexer->setScheduled(true)
#17 /var/www/html/vendor/magento/framework/Interception/Interceptor.php(138): Magento\Indexer\Model\Indexer\Interceptor->___callParent('setScheduled', Array)
#18 /var/www/html/vendor/magento/module-data-exporter/Plugin/ForceExporterIndexerModeOnSchedule.php(44): Magento\Indexer\Model\Indexer\Interceptor->Magento\Framework\Interception\{closure}(true)
#19 /var/www/html/vendor/magento/framework/Interception/Interceptor.php(135): Magento\DataExporter\Plugin\ForceExporterIndexerModeOnSchedule->aroundSetScheduled(Object(Magento\Indexer\Model\Indexer\Interceptor), Object(Closure), true)
#20 /var/www/html/vendor/magento/framework/Interception/Interceptor.php(153): Magento\Indexer\Model\Indexer\Interceptor->Magento\Framework\Interception\{closure}(true)
#21 /var/www/html/generated/code/Magento/Indexer/Model/Indexer/Interceptor.php(167): Magento\Indexer\Model\Indexer\Interceptor->___callPlugins('setScheduled', Array, NULL)
#22 /var/www/html/vendor/magento/module-indexer/Model/Indexer/DependencyDecorator.php(201): Magento\Indexer\Model\Indexer\Interceptor->setScheduled(true)
#23 /var/www/html/vendor/magento/framework/Interception/Interceptor.php(58): Magento\Indexer\Model\Indexer\DependencyDecorator->setScheduled(true)
#24 /var/www/html/vendor/magento/framework/Interception/Interceptor.php(138): Magento\Indexer\Model\Indexer\DependencyDecorator\Interceptor->___callParent('setScheduled', Array)
#25 /var/www/html/vendor/magento/module-data-exporter/Plugin/ForceExporterIndexerModeOnSchedule.php(44): Magento\Indexer\Model\Indexer\DependencyDecorator\Interceptor->Magento\Framework\Interception\{closure}(true)
#26 /var/www/html/vendor/magento/framework/Interception/Interceptor.php(135): Magento\DataExporter\Plugin\ForceExporterIndexerModeOnSchedule->aroundSetScheduled(Object(Magento\Indexer\Model\Indexer\DependencyDecorator\Interceptor), Object(Closure), true)
#27 /var/www/html/vendor/magento/framework/Interception/Interceptor.php(153): Magento\Indexer\Model\Indexer\DependencyDecorator\Interceptor->Magento\Framework\Interception\{closure}(true)
#28 /var/www/html/generated/code/Magento/Indexer/Model/Indexer/DependencyDecorator/Interceptor.php(149): Magento\Indexer\Model\Indexer\DependencyDecorator\Interceptor->___callPlugins('setScheduled', Array, NULL)
#29 /var/www/html/vendor/magento/module-indexer/Setup/Recurring.php(100): Magento\Indexer\Model\Indexer\DependencyDecorator\Interceptor->setScheduled(true)
#30 /var/www/html/setup/src/Magento/Setup/Model/Installer.php(1171): Magento\Indexer\Setup\Recurring->install(Object(Magento\Setup\Module\Setup), Object(Magento\Setup\Model\ModuleContext))
#31 /var/www/html/setup/src/Magento/Setup/Model/Installer.php(972): Magento\Setup\Model\Installer->handleDBSchemaData(Object(Magento\Setup\Module\Setup), 'schema', Array)
#32 [internal function]: Magento\Setup\Model\Installer->installSchema(Array)
#33 /var/www/html/setup/src/Magento/Setup/Model/Installer.php(422): call_user_func_array(Array, Array)
#34 /var/www/html/setup/src/Magento/Setup/Console/Command/InstallCommand.php(239): Magento\Setup\Model\Installer->install(Array)
#35 /var/www/html/vendor/symfony/console/Command/Command.php(341): Magento\Setup\Console\Command\InstallCommand->execute(Object(Symfony\Component\Console\Input\ArgvInput), Object(Symfony\Component\Console\Output\ConsoleOutput))
#36 /var/www/html/vendor/symfony/console/Application.php(1094): Symfony\Component\Console\Command\Command->run(Object(Symfony\Component\Console\Input\ArgvInput), Object(Symfony\Component\Console\Output\ConsoleOutput))
#37 /var/www/html/vendor/symfony/console/Application.php(356): Symfony\Component\Console\Application->doRunCommand(Object(Magento\Setup\Console\Command\InstallCommand), Object(Symfony\Component\Console\Input\ArgvInput), Object(Symfony\Component\Console\Output\ConsoleOutput))
#38 /var/www/html/vendor/magento/framework/Console/Cli.php(137): Symfony\Component\Console\Application->doRun(Object(Symfony\Component\Console\Input\ArgvInput), Object(Symfony\Component\Console\Output\ConsoleOutput))
#39 /var/www/html/vendor/symfony/console/Application.php(195): Magento\Framework\Console\Cli->doRun(Object(Symfony\Component\Console\Input\ArgvInput), Object(Symfony\Component\Console\Output\ConsoleOutput))
#40 /var/www/html/bin/magento(23): Symfony\Component\Console\Application->run()
#41 {main} [] []
[2026-05-19T04:05:12.950395+00:00] main.ERROR: SQLSTATE[HY000]: General error: 1419 You do not have the SUPER privilege and binary logging is enabled (you *might* want to use the less safe log_bin_trust_function_creators variable), query was: CREATE TRIGGER trg_cataloginventory_stock_item_after_insert AFTER INSERT ON cataloginventory_stock_item FOR EACH ROW
BEGIN
INSERT INTO `cataloginventory_stock_cl` (`entity_id`) VALUES (NEW.`product_id`);
END
#0 /var/www/html/vendor/magento/framework/DB/Statement/Pdo/Mysql.php(89): Magento\Framework\DB\Statement\Pdo\Mysql->tryExecute(Object(Closure))
#1 /var/www/html/vendor/magento/zend-db/library/Zend/Db/Statement.php(313): Magento\Framework\DB\Statement\Pdo\Mysql->_execute(Array)
#2 /var/www/html/vendor/magento/zend-db/library/Zend/Db/Adapter/Abstract.php(480): Zend_Db_Statement->execute(Array)
#3 /var/www/html/vendor/magento/zend-db/library/Zend/Db/Adapter/Pdo/Abstract.php(242): Zend_Db_Adapter_Abstract->query('CREATE TRIGGER ...', Array)
#4 /var/www/html/vendor/magento/framework/DB/Adapter/Pdo/Mysql.php(692): Zend_Db_Adapter_Pdo_Abstract->query('CREATE TRIGGER ...', Array)
#5 /var/www/html/vendor/magento/framework/DB/Adapter/Pdo/Mysql.php(718): Magento\Framework\DB\Adapter\Pdo\Mysql->Magento\Framework\DB\Adapter\Pdo\{closure}()
#6 /var/www/html/vendor/magento/framework/DB/Adapter/Pdo/Mysql.php(692): Magento\Framework\DB\Adapter\Pdo\Mysql->performQuery(Object(Closure))
#7 /var/www/html/vendor/magento/framework/DB/Adapter/Pdo/Mysql.php(804): Magento\Framework\DB\Adapter\Pdo\Mysql->_query('CREATE TRIGGER ...', Array)
#8 /var/www/html/generated/code/Magento/Framework/DB/Adapter/Pdo/Mysql/Interceptor.php(104): Magento\Framework\DB\Adapter\Pdo\Mysql->multiQuery('CREATE TRIGGER ...', Array)
#9 /var/www/html/vendor/magento/framework/DB/Adapter/Pdo/Mysql.php(4246): Magento\Framework\DB\Adapter\Pdo\Mysql\Interceptor->multiQuery('CREATE TRIGGER ...')
#10 /var/www/html/generated/code/Magento/Framework/DB/Adapter/Pdo/Mysql/Interceptor.php(851): Magento\Framework\DB\Adapter\Pdo\Mysql->createTrigger(Object(Magento\Framework\DB\Ddl\Trigger))
#11 /var/www/html/vendor/magento/framework/Mview/View/Subscription.php(193): Magento\Framework\DB\Adapter\Pdo\Mysql\Interceptor->createTrigger(Object(Magento\Framework\DB\Ddl\Trigger))
#12 /var/www/html/vendor/magento/framework/Mview/View/Subscription.php(166): Magento\Framework\Mview\View\Subscription->saveTrigger(Object(Magento\Framework\DB\Ddl\Trigger))
#13 /var/www/html/vendor/magento/framework/Mview/View.php(211): Magento\Framework\Mview\View\Subscription->create()
#14 /var/www/html/generated/code/Magento/Framework/Mview/View/Interceptor.php(95): Magento\Framework\Mview\View->subscribe()
#15 /var/www/html/vendor/magento/module-indexer/Model/Indexer.php(326): Magento\Framework\Mview\View\Interceptor->subscribe()
#16 /var/www/html/vendor/magento/framework/Interception/Interceptor.php(58): Magento\Indexer\Model\Indexer->setScheduled(true)
#17 /var/www/html/vendor/magento/framework/Interception/Interceptor.php(138): Magento\Indexer\Model\Indexer\Interceptor->___callParent('setScheduled', Array)
#18 /var/www/html/vendor/magento/module-data-exporter/Plugin/ForceExporterIndexerModeOnSchedule.php(44): Magento\Indexer\Model\Indexer\Interceptor->Magento\Framework\Interception\{closure}(true)
#19 /var/www/html/vendor/magento/framework/Interception/Interceptor.php(135): Magento\DataExporter\Plugin\ForceExporterIndexerModeOnSchedule->aroundSetScheduled(Object(Magento\Indexer\Model\Indexer\Interceptor), Object(Closure), true)
#20 /var/www/html/vendor/magento/framework/Interception/Interceptor.php(153): Magento\Indexer\Model\Indexer\Interceptor->Magento\Framework\Interception\{closure}(true)
#21 /var/www/html/generated/code/Magento/Indexer/Model/Indexer/Interceptor.php(167): Magento\Indexer\Model\Indexer\Interceptor->___callPlugins('setScheduled', Array, NULL)
#22 /var/www/html/vendor/magento/module-indexer/Model/Indexer/DependencyDecorator.php(201): Magento\Indexer\Model\Indexer\Interceptor->setScheduled(true)
#23 /var/www/html/vendor/magento/framework/Interception/Interceptor.php(58): Magento\Indexer\Model\Indexer\DependencyDecorator->setScheduled(true)
#24 /var/www/html/vendor/magento/framework/Interception/Interceptor.php(138): Magento\Indexer\Model\Indexer\DependencyDecorator\Interceptor->___callParent('setScheduled', Array)
#25 /var/www/html/vendor/magento/module-data-exporter/Plugin/ForceExporterIndexerModeOnSchedule.php(44): Magento\Indexer\Model\Indexer\DependencyDecorator\Interceptor->Magento\Framework\Interception\{closure}(true)
#26 /var/www/html/vendor/magento/framework/Interception/Interceptor.php(135): Magento\DataExporter\Plugin\ForceExporterIndexerModeOnSchedule->aroundSetScheduled(Object(Magento\Indexer\Model\Indexer\DependencyDecorator\Interceptor), Object(Closure), true)
#27 /var/www/html/vendor/magento/framework/Interception/Interceptor.php(153): Magento\Indexer\Model\Indexer\DependencyDecorator\Interceptor->Magento\Framework\Interception\{closure}(true)
#28 /var/www/html/generated/code/Magento/Indexer/Model/Indexer/DependencyDecorator/Interceptor.php(149): Magento\Indexer\Model\Indexer\DependencyDecorator\Interceptor->___callPlugins('setScheduled', Array, NULL)
#29 /var/www/html/vendor/magento/module-indexer/Setup/Recurring.php(100): Magento\Indexer\Model\Indexer\DependencyDecorator\Interceptor->setScheduled(true)
#30 /var/www/html/setup/src/Magento/Setup/Model/Installer.php(1171): Magento\Indexer\Setup\Recurring->install(Object(Magento\Setup\Module\Setup), Object(Magento\Setup\Model\ModuleContext))
#31 /var/www/html/setup/src/Magento/Setup/Model/Installer.php(972): Magento\Setup\Model\Installer->handleDBSchemaData(Object(Magento\Setup\Module\Setup), 'schema', Array)
#32 [internal function]: Magento\Setup\Model\Installer->installSchema(Array)
#33 /var/www/html/setup/src/Magento/Setup/Model/Installer.php(422): call_user_func_array(Array, Array)
#34 /var/www/html/setup/src/Magento/Setup/Console/Command/InstallCommand.php(239): Magento\Setup\Model\Installer->install(Array)
#35 /var/www/html/vendor/symfony/console/Command/Command.php(341): Magento\Setup\Console\Command\InstallCommand->execute(Object(Symfony\Component\Console\Input\ArgvInput), Object(Symfony\Component\Console\Output\ConsoleOutput))
#36 /var/www/html/vendor/symfony/console/Application.php(1094): Symfony\Component\Console\Command\Command->run(Object(Symfony\Component\Console\Input\ArgvInput), Object(Symfony\Component\Console\Output\ConsoleOutput))
#37 /var/www/html/vendor/symfony/console/Application.php(356): Symfony\Component\Console\Application->doRunCommand(Object(Magento\Setup\Console\Command\InstallCommand), Object(Symfony\Component\Console\Input\ArgvInput), Object(Symfony\Component\Console\Output\ConsoleOutput))
#38 /var/www/html/vendor/magento/framework/Console/Cli.php(137): Symfony\Component\Console\Application->doRun(Object(Symfony\Component\Console\Input\ArgvInput), Object(Symfony\Component\Console\Output\ConsoleOutput))
#39 /var/www/html/vendor/symfony/console/Application.php(195): Magento\Framework\Console\Cli->doRun(Object(Symfony\Component\Console\Input\ArgvInput), Object(Symfony\Component\Console\Output\ConsoleOutput))
#40 /var/www/html/bin/magento(23): Symfony\Component\Console\Application->run()
#41 {main} [] []
[2026-05-19T04:05:30.882862+00:00] main.ERROR: SQLSTATE[HY000]: General error: 1419 You do not have the SUPER privilege and binary logging is enabled (you *might* want to use the less safe log_bin_trust_function_creators variable), query was: CREATE TRIGGER trg_cataloginventory_stock_item_after_insert AFTER INSERT ON cataloginventory_stock_item FOR EACH ROW
BEGIN
INSERT INTO `cataloginventory_stock_cl` (`entity_id`) VALUES (NEW.`product_id`);
END
#0 /var/www/html/vendor/magento/framework/DB/Statement/Pdo/Mysql.php(89): Magento\Framework\DB\Statement\Pdo\Mysql->tryExecute(Object(Closure))
#1 /var/www/html/vendor/magento/zend-db/library/Zend/Db/Statement.php(313): Magento\Framework\DB\Statement\Pdo\Mysql->_execute(Array)
#2 /var/www/html/vendor/magento/zend-db/library/Zend/Db/Adapter/Abstract.php(480): Zend_Db_Statement->execute(Array)
#3 /var/www/html/vendor/magento/zend-db/library/Zend/Db/Adapter/Pdo/Abstract.php(242): Zend_Db_Adapter_Abstract->query('CREATE TRIGGER ...', Array)
#4 /var/www/html/vendor/magento/framework/DB/Adapter/Pdo/Mysql.php(692): Zend_Db_Adapter_Pdo_Abstract->query('CREATE TRIGGER ...', Array)
#5 /var/www/html/vendor/magento/framework/DB/Adapter/Pdo/Mysql.php(718): Magento\Framework\DB\Adapter\Pdo\Mysql->Magento\Framework\DB\Adapter\Pdo\{closure}()
#6 /var/www/html/vendor/magento/framework/DB/Adapter/Pdo/Mysql.php(692): Magento\Framework\DB\Adapter\Pdo\Mysql->performQuery(Object(Closure))
#7 /var/www/html/vendor/magento/framework/DB/Adapter/Pdo/Mysql.php(804): Magento\Framework\DB\Adapter\Pdo\Mysql->_query('CREATE TRIGGER ...', Array)
#8 /var/www/html/generated/code/Magento/Framework/DB/Adapter/Pdo/Mysql/Interceptor.php(104): Magento\Framework\DB\Adapter\Pdo\Mysql->multiQuery('CREATE TRIGGER ...', Array)
#9 /var/www/html/vendor/magento/framework/DB/Adapter/Pdo/Mysql.php(4246): Magento\Framework\DB\Adapter\Pdo\Mysql\Interceptor->multiQuery('CREATE TRIGGER ...')
#10 /var/www/html/generated/code/Magento/Framework/DB/Adapter/Pdo/Mysql/Interceptor.php(851): Magento\Framework\DB\Adapter\Pdo\Mysql->createTrigger(Object(Magento\Framework\DB\Ddl\Trigger))
#11 /var/www/html/vendor/magento/framework/Mview/View/Subscription.php(193): Magento\Framework\DB\Adapter\Pdo\Mysql\Interceptor->createTrigger(Object(Magento\Framework\DB\Ddl\Trigger))
#12 /var/www/html/vendor/magento/framework/Mview/View/Subscription.php(166): Magento\Framework\Mview\View\Subscription->saveTrigger(Object(Magento\Framework\DB\Ddl\Trigger))
#13 /var/www/html/vendor/magento/framework/Mview/View.php(211): Magento\Framework\Mview\View\Subscription->create()
#14 /var/www/html/generated/code/Magento/Framework/Mview/View/Interceptor.php(95): Magento\Framework\Mview\View->subscribe()
#15 /var/www/html/vendor/magento/module-indexer/Model/Indexer.php(326): Magento\Framework\Mview\View\Interceptor->subscribe()
#16 /var/www/html/vendor/magento/framework/Interception/Interceptor.php(58): Magento\Indexer\Model\Indexer->setScheduled(true)
#17 /var/www/html/vendor/magento/framework/Interception/Interceptor.php(138): Magento\Indexer\Model\Indexer\Interceptor->___callParent('setScheduled', Array)
#18 /var/www/html/vendor/magento/module-data-exporter/Plugin/ForceExporterIndexerModeOnSchedule.php(44): Magento\Indexer\Model\Indexer\Interceptor->Magento\Framework\Interception\{closure}(true)
#19 /var/www/html/vendor/magento/framework/Interception/Interceptor.php(135): Magento\DataExporter\Plugin\ForceExporterIndexerModeOnSchedule->aroundSetScheduled(Object(Magento\Indexer\Model\Indexer\Interceptor), Object(Closure), true)
#20 /var/www/html/vendor/magento/framework/Interception/Interceptor.php(153): Magento\Indexer\Model\Indexer\Interceptor->Magento\Framework\Interception\{closure}(true)
#21 /var/www/html/generated/code/Magento/Indexer/Model/Indexer/Interceptor.php(167): Magento\Indexer\Model\Indexer\Interceptor->___callPlugins('setScheduled', Array, NULL)
#22 /var/www/html/vendor/magento/module-indexer/Model/Indexer/DependencyDecorator.php(201): Magento\Indexer\Model\Indexer\Interceptor->setScheduled(true)
#23 /var/www/html/vendor/magento/framework/Interception/Interceptor.php(58): Magento\Indexer\Model\Indexer\DependencyDecorator->setScheduled(true)
#24 /var/www/html/vendor/magento/framework/Interception/Interceptor.php(138): Magento\Indexer\Model\Indexer\DependencyDecorator\Interceptor->___callParent('setScheduled', Array)
#25 /var/www/html/vendor/magento/module-data-exporter/Plugin/ForceExporterIndexerModeOnSchedule.php(44): Magento\Indexer\Model\Indexer\DependencyDecorator\Interceptor->Magento\Framework\Interception\{closure}(true)
#26 /var/www/html/vendor/magento/framework/Interception/Interceptor.php(135): Magento\DataExporter\Plugin\ForceExporterIndexerModeOnSchedule->aroundSetScheduled(Object(Magento\Indexer\Model\Indexer\DependencyDecorator\Interceptor), Object(Closure), true)
#27 /var/www/html/vendor/magento/framework/Interception/Interceptor.php(153): Magento\Indexer\Model\Indexer\DependencyDecorator\Interceptor->Magento\Framework\Interception\{closure}(true)
#28 /var/www/html/generated/code/Magento/Indexer/Model/Indexer/DependencyDecorator/Interceptor.php(149): Magento\Indexer\Model\Indexer\DependencyDecorator\Interceptor->___callPlugins('setScheduled', Array, NULL)
#29 /var/www/html/vendor/magento/module-indexer/Setup/Recurring.php(100): Magento\Indexer\Model\Indexer\DependencyDecorator\Interceptor->setScheduled(true)
#30 /var/www/html/setup/src/Magento/Setup/Model/Installer.php(1171): Magento\Indexer\Setup\Recurring->install(Object(Magento\Setup\Module\Setup), Object(Magento\Setup\Model\ModuleContext))
#31 /var/www/html/setup/src/Magento/Setup/Model/Installer.php(972): Magento\Setup\Model\Installer->handleDBSchemaData(Object(Magento\Setup\Module\Setup), 'schema', Array)
#32 [internal function]: Magento\Setup\Model\Installer->installSchema(Array)
#33 /var/www/html/setup/src/Magento/Setup/Model/Installer.php(422): call_user_func_array(Array, Array)
#34 /var/www/html/setup/src/Magento/Setup/Console/Command/InstallCommand.php(239): Magento\Setup\Model\Installer->install(Array)
#35 /var/www/html/vendor/symfony/console/Command/Command.php(341): Magento\Setup\Console\Command\InstallCommand->execute(Object(Symfony\Component\Console\Input\ArgvInput), Object(Symfony\Component\Console\Output\ConsoleOutput))
#36 /var/www/html/vendor/symfony/console/Application.php(1094): Symfony\Component\Console\Command\Command->run(Object(Symfony\Component\Console\Input\ArgvInput), Object(Symfony\Component\Console\Output\ConsoleOutput))
#37 /var/www/html/vendor/symfony/console/Application.php(356): Symfony\Component\Console\Application->doRunCommand(Object(Magento\Setup\Console\Command\InstallCommand), Object(Symfony\Component\Console\Input\ArgvInput), Object(Symfony\Component\Console\Output\ConsoleOutput))
#38 /var/www/html/vendor/magento/framework/Console/Cli.php(137): Symfony\Component\Console\Application->doRun(Object(Symfony\Component\Console\Input\ArgvInput), Object(Symfony\Component\Console\Output\ConsoleOutput))
#39 /var/www/html/vendor/symfony/console/Application.php(195): Magento\Framework\Console\Cli->doRun(Object(Symfony\Component\Console\Input\ArgvInput), Object(Symfony\Component\Console\Output\ConsoleOutput))
#40 /var/www/html/bin/magento(23): Symfony\Component\Console\Application->run()
#41 {main} [] []
[2026-05-19T04:06:30.116877+00:00] main.INFO: Source table payment_services_order_status_data_production_submitted_hash does not exist. Skipping data migration... [] []
[2026-05-19T04:06:34.710339+00:00] main.ERROR: Search engine 'elasticsearch7' is not an available search engine.
#0 /var/www/html/setup/src/Magento/Setup/Model/SearchConfig.php(62): Magento\Setup\Model\SearchConfig->validateSearchEngineSelection(Array)
#1 /var/www/html/setup/src/Magento/Setup/Model/Installer.php(1261): Magento\Setup\Model\SearchConfig->saveConfiguration(Array)
#2 [internal function]: Magento\Setup\Model\Installer->installSearchConfiguration(Array)
#3 /var/www/html/setup/src/Magento/Setup/Model/Installer.php(422): call_user_func_array(Array, Array)
#4 /var/www/html/setup/src/Magento/Setup/Console/Command/InstallCommand.php(239): Magento\Setup\Model\Installer->install(Array)
#5 /var/www/html/vendor/symfony/console/Command/Command.php(341): Magento\Setup\Console\Command\InstallCommand->execute(Object(Symfony\Component\Console\Input\ArgvInput), Object(Symfony\Component\Console\Output\ConsoleOutput))
#6 /var/www/html/vendor/symfony/console/Application.php(1094): Symfony\Component\Console\Command\Command->run(Object(Symfony\Component\Console\Input\ArgvInput), Object(Symfony\Component\Console\Output\ConsoleOutput))
#7 /var/www/html/vendor/symfony/console/Application.php(356): Symfony\Component\Console\Application->doRunCommand(Object(Magento\Setup\Console\Command\InstallCommand), Object(Symfony\Component\Console\Input\ArgvInput), Object(Symfony\Component\Console\Output\ConsoleOutput))
#8 /var/www/html/vendor/magento/framework/Console/Cli.php(137): Symfony\Component\Console\Application->doRun(Object(Symfony\Component\Console\Input\ArgvInput), Object(Symfony\Component\Console\Output\ConsoleOutput))
#9 /var/www/html/vendor/symfony/console/Application.php(195): Magento\Framework\Console\Cli->doRun(Object(Symfony\Component\Console\Input\ArgvInput), Object(Symfony\Component\Console\Output\ConsoleOutput))
#10 /var/www/html/bin/magento(23): Symfony\Component\Console\Application->run()
#11 {main} [] []
[2026-05-19T04:20:58.575954+00:00] main.INFO: Source table payment_services_order_status_data_production_submitted_hash does not exist. Skipping data migration... [] []
[2026-05-19T04:37:22.203832+00:00] main.ERROR: Braintree\Configuration::merchantId needs to be set (or accessToken needs to be passed to Braintree\Gateway). [] []
[2026-05-19T06:29:02.936650+00:00] main.ERROR: Braintree\Configuration::merchantId needs to be set (or accessToken needs to be passed to Braintree\Gateway). [] []
